// Jest Snapshot v1, https://goo.gl/fbAQLP

exports[`Cпециальные значения распознаются корректно 1`] = `"NIL (1,1): NIL"`;

exports[`Cпециальные значения распознаются корректно 2`] = `"undefined (1,5): undefined"`;

exports[`Идентификатор распознается 1`] = `"IDENTIFIER (1,1): testCounter1"`;

exports[`Конец строки распознается 1`] = `"EOF (-1,-1): "`;

exports[`Столбцы считаются корректно 1`] = `"UNSIGNED_NUMBER (1,3): 1234"`;

exports[`Строки распознаются 1`] = `"STRING (1,1): 'adsas'"`;

exports[`Строки распознаются 2`] = `"STRING (1,9): 'hello world!'"`;

exports[`Строки считаются после \\n корректно 1`] = `"UNSIGNED_NUMBER (4,5): 1234"`;

exports[`Строки считаются после \\r\\n корректно 1`] = `"UNSIGNED_NUMBER (2,1): 1234"`;

exports[`Управляющие символы в строках не распознаются 1`] = `"ERROR (1,1): "`;

exports[`Управляющие символы в строках не распознаются 2`] = `"IDENTIFIER (2,1): sdfsd"`;

exports[`Управляющие символы в строках не распознаются 3`] = `"ERROR (2,6): "`;

exports[`Целые беззнаковые числа распознаются 1`] = `"UNSIGNED_NUMBER (1,1): 011010"`;

exports[`Целые беззнаковые числа распознаются 2`] = `"UNSIGNED_NUMBER (1,8): 123"`;

exports[`Целые беззнаковые числа распознаются 3`] = `"UNSIGNED_NUMBER (1,12): 456"`;

exports[`Целые беззнаковые числа распознаются 4`] = `"UNSIGNED_NUMBER (1,16): 1"`;

exports[`Целые беззнаковые числа распознаются 5`] = `"UNSIGNED_NUMBER (1,18): 0"`;

exports[`Числа с плавающей точкой распознаются 1`] = `"UNSIGNED_NUMBER (1,1): 1E+11"`;

exports[`Числа с плавающей точкой распознаются 2`] = `"UNSIGNED_NUMBER (1,7): 42E-11"`;

exports[`Числа с плавающей точкой распознаются 3`] = `"UNSIGNED_NUMBER (1,14): 42E11"`;

exports[`Числа с плавающей точкой распознаются 4`] = `"UNSIGNED_NUMBER (1,20): 42.11E+11"`;

exports[`Числа с плавающей точкой распознаются 5`] = `"UNSIGNED_NUMBER (1,30): 42.11E-11"`;

exports[`Числа с плавающей точкой распознаются 6`] = `"UNSIGNED_NUMBER (1,40): 42.11E11"`;
