// Jest Snapshot v1, https://goo.gl/fbAQLP

exports[`Двойная кавычка распознается 1`] = `"SYMBOL_QUOTE (1,1): """""`;

exports[`Идентификатор распознается 1`] = `"IDENTIFIER (1,1): testCounter1"`;

exports[`Конец строки распознается 1`] = `"EOF (-1,-1): "`;

exports[`Символ распознается 1`] = `"SYMBOL (1,1): "A""`;

exports[`Столбцы считаются корректно 1`] = `"UNSIGNED_NUMBER (1,3): 1234"`;

exports[`Строка в апострофах с управляющим символом не распознается 1`] = `"ERROR (1,1): "`;

exports[`Строка в апострофах с управляющим символом не распознается 2`] = `"ERROR (1,1): "`;

exports[`Строки считаются после \\n корректно 1`] = `"UNSIGNED_NUMBER (4,5): 1234"`;

exports[`Строки считаются после \\r\\n корректно 1`] = `"UNSIGNED_NUMBER (2,1): 1234"`;

exports[`Управляющие символы буквами распознаются 1`] = `"CONTROL_SYMBOL_ALPHABETIC (1,1): $NUL$"`;

exports[`Управляющие символы буквами распознаются 2`] = `"CONTROL_SYMBOL_ALPHABETIC (1,1): $SOH$"`;

exports[`Управляющие символы числами распознаются 1`] = `"CONTROL_SYMBOL_NUMERIC (1,1): $0$"`;

exports[`Управляющие символы числами распознаются 2`] = `"CONTROL_SYMBOL_NUMERIC (1,1): $1$"`;

exports[`Управляющие символы числами распознаются 3`] = `"CONTROL_SYMBOL_NUMERIC (1,1): $2$"`;

exports[`Управляющие символы числами распознаются 4`] = `"CONTROL_SYMBOL_NUMERIC (1,1): $3$"`;

exports[`Управляющие символы числами распознаются 5`] = `"CONTROL_SYMBOL_NUMERIC (1,1): $4$"`;

exports[`Управляющие символы числами распознаются 6`] = `"CONTROL_SYMBOL_NUMERIC (1,1): $5$"`;

exports[`Управляющие символы числами распознаются 7`] = `"CONTROL_SYMBOL_NUMERIC (1,1): $6$"`;

exports[`Управляющие символы числами распознаются 8`] = `"CONTROL_SYMBOL_NUMERIC (1,1): $7$"`;

exports[`Управляющие символы числами распознаются 9`] = `"CONTROL_SYMBOL_NUMERIC (1,1): $8$"`;

exports[`Управляющие символы числами распознаются 10`] = `"CONTROL_SYMBOL_NUMERIC (1,1): $9$"`;

exports[`Управляющие символы числами распознаются 11`] = `"CONTROL_SYMBOL_NUMERIC (1,1): $10$"`;

exports[`Управляющие символы числами распознаются 12`] = `"CONTROL_SYMBOL_NUMERIC (1,1): $11$"`;

exports[`Управляющие символы числами распознаются 13`] = `"CONTROL_SYMBOL_NUMERIC (1,1): $12$"`;

exports[`Управляющие символы числами распознаются 14`] = `"CONTROL_SYMBOL_NUMERIC (1,1): $13$"`;

exports[`Управляющие символы числами распознаются 15`] = `"CONTROL_SYMBOL_NUMERIC (1,1): $14$"`;

exports[`Управляющие символы числами распознаются 16`] = `"CONTROL_SYMBOL_NUMERIC (1,1): $15$"`;

exports[`Управляющие символы числами распознаются 17`] = `"CONTROL_SYMBOL_NUMERIC (1,1): $16$"`;

exports[`Управляющие символы числами распознаются 18`] = `"CONTROL_SYMBOL_NUMERIC (1,1): $17$"`;

exports[`Управляющие символы числами распознаются 19`] = `"CONTROL_SYMBOL_NUMERIC (1,1): $18$"`;

exports[`Управляющие символы числами распознаются 20`] = `"CONTROL_SYMBOL_NUMERIC (1,1): $19$"`;

exports[`Управляющие символы числами распознаются 21`] = `"CONTROL_SYMBOL_NUMERIC (1,1): $20$"`;

exports[`Управляющие символы числами распознаются 22`] = `"CONTROL_SYMBOL_NUMERIC (1,1): $21$"`;

exports[`Управляющие символы числами распознаются 23`] = `"CONTROL_SYMBOL_NUMERIC (1,1): $22$"`;

exports[`Управляющие символы числами распознаются 24`] = `"CONTROL_SYMBOL_NUMERIC (1,1): $23$"`;

exports[`Управляющие символы числами распознаются 25`] = `"CONTROL_SYMBOL_NUMERIC (1,1): $24$"`;

exports[`Управляющие символы числами распознаются 26`] = `"CONTROL_SYMBOL_NUMERIC (1,1): $25$"`;

exports[`Управляющие символы числами распознаются 27`] = `"CONTROL_SYMBOL_NUMERIC (1,1): $26$"`;

exports[`Управляющие символы числами распознаются 28`] = `"CONTROL_SYMBOL_NUMERIC (1,1): $27$"`;

exports[`Управляющие символы числами распознаются 29`] = `"CONTROL_SYMBOL_NUMERIC (1,1): $28$"`;

exports[`Управляющие символы числами распознаются 30`] = `"CONTROL_SYMBOL_NUMERIC (1,1): $29$"`;

exports[`Управляющие символы числами распознаются 31`] = `"CONTROL_SYMBOL_NUMERIC (1,1): $30$"`;

exports[`Управляющие символы числами распознаются 32`] = `"CONTROL_SYMBOL_NUMERIC (1,1): $31$"`;

exports[`Управляющий символ в кавычках не распознается 1`] = `"ERROR (1,4): "`;

exports[`Целые беззнаковые числа распознаются 1`] = `"UNSIGNED_NUMBER (1,1): 011010"`;

exports[`Целые беззнаковые числа распознаются 2`] = `"UNSIGNED_NUMBER (1,8): 123"`;

exports[`Целые беззнаковые числа распознаются 3`] = `"UNSIGNED_NUMBER (1,12): 456"`;

exports[`Целые беззнаковые числа распознаются 4`] = `"UNSIGNED_NUMBER (1,16): 1"`;

exports[`Целые беззнаковые числа распознаются 5`] = `"UNSIGNED_NUMBER (1,18): 0"`;

exports[`Числа с плавающей точкой распознаются 1`] = `"UNSIGNED_NUMBER (1,1): 1E+11"`;

exports[`Числа с плавающей точкой распознаются 2`] = `"UNSIGNED_NUMBER (1,7): 42E-11"`;

exports[`Числа с плавающей точкой распознаются 3`] = `"UNSIGNED_NUMBER (1,14): 42E11"`;

exports[`Числа с плавающей точкой распознаются 4`] = `"UNSIGNED_NUMBER (1,20): 42.11E+11"`;

exports[`Числа с плавающей точкой распознаются 5`] = `"UNSIGNED_NUMBER (1,30): 42.11E-11"`;

exports[`Числа с плавающей точкой распознаются 6`] = `"UNSIGNED_NUMBER (1,40): 42.11E11"`;
